Built from '6000.4/staging' branch; Version is '6000.4.6f1 (0b051c2e5d54) revision 722204'; Using compiler version '194234433'; Build Type 'Release'
OS: 'Windows 10  (10.0.19045) 64bit Professional' Language: 'ru' Physical Memory: 16246 MB
BatchMode: 1, IsHumanControllingUs: 0, StartBugReporterOnCrash: 0, Is64bit: 1
System  architecture: x64
Process architecture: x64
Date: 2026-05-13T17:10:08Z
[Licensing::Module] Trying to connect to existing licensing client channel...
[Licensing::IpcConnector] Successfully connected to: "LicenseClient-roman" at "2026-05-13T17:10:08.2405302Z"

COMMAND LINE ARGUMENTS:
C:\Program Files\Unity\Hub\Editor\6000.4.6f1\Editor\Unity.exe
-batchmode
-nographics
-quit
-projectPath
C:\Users\roman\Documents\Playground\How I Fall
-logFile
C:\Users\roman\Documents\Playground\How I Fall\unity_batch_check.log
Successfully changed project path to: C:\Users\roman\Documents\Playground\How I Fall
C:/Users/roman/Documents/Playground/How I Fall
Exiting without the bug reporter. Application will terminate with return code 1